******************************************************************************
                  MSP430 Linker PC v4.1.0                      
******************************************************************************
>> Linked Tue Nov 19 17:50:50 2013

OUTPUT FILE NAME:   <L08 - Dice.out>
ENTRY POINT SYMBOL: "_c_int00"  address: 000090e6


MEMORY CONFIGURATION

         name            origin    length      used     unused   attr    fill
----------------------  --------  ---------  --------  --------  ----  --------
  SFR                   00000000   00000010  00000000  00000010  RWIX
  PERIPHERALS_8BIT      00000010   000000f0  00000000  000000f0  RWIX
  PERIPHERALS_16BIT     00000100   00000100  00000000  00000100  RWIX
  RAM                   00000200   00000400  00000072  0000038e  RWIX
  INFOD                 00001000   00000040  00000000  00000040  RWIX
  INFOC                 00001040   00000040  00000000  00000040  RWIX
  INFOB                 00001080   00000040  00000000  00000040  RWIX
  INFOA                 000010c0   00000040  00000000  00000040  RWIX
  FLASH                 00008000   00007fde  00001b20  000064be  RWIX
  INT00                 0000ffe0   00000002  00000000  00000002  RWIX
  INT01                 0000ffe2   00000002  00000000  00000002  RWIX
  INT02                 0000ffe4   00000002  00000002  00000000  RWIX
  INT03                 0000ffe6   00000002  00000000  00000002  RWIX
  INT04                 0000ffe8   00000002  00000000  00000002  RWIX
  INT05                 0000ffea   00000002  00000002  00000000  RWIX
  INT06                 0000ffec   00000002  00000000  00000002  RWIX
  INT07                 0000ffee   00000002  00000000  00000002  RWIX
  INT08                 0000fff0   00000002  00000000  00000002  RWIX
  INT09                 0000fff2   00000002  00000000  00000002  RWIX
  INT10                 0000fff4   00000002  00000002  00000000  RWIX
  INT11                 0000fff6   00000002  00000000  00000002  RWIX
  INT12                 0000fff8   00000002  00000000  00000002  RWIX
  INT13                 0000fffa   00000002  00000000  00000002  RWIX
  INT14                 0000fffc   00000002  00000000  00000002  RWIX
  RESET                 0000fffe   00000002  00000002  00000000  RWIX


SECTION ALLOCATION MAP

 output                                  attributes/
section   page    origin      length       input sections
--------  ----  ----------  ----------   ----------------
.pinit     0    00008000    00000000     UNINITIALIZED

.bss       0    00000200    00000022     UNINITIALIZED
                  00000200    00000010     dice.obj (.bss)
                  00000210    00000006     RBX430_lcd.obj (.bss)
                  00000216    00000004     rts430.lib : _lock.obj (.bss)
                  0000021a    00000004                : boot.obj (.bss)
                  0000021e    00000002     RBX430-1.obj (.bss)
                  00000220    00000002     random.obj (.bss)

.data      0    00000200    00000000     UNINITIALIZED

.stack     0    000005b0    00000050     UNINITIALIZED
                  000005b0    00000002     rts430.lib : boot.obj (.stack)
                  000005b2    0000004e     --HOLE--

.text      0    00008000    000012cc     
                  00008000    00000246     RBX430_lcd.obj (.text:lcd_point)
                  00008246    00000232     RBX430_lcd.obj (.text:my_printfi)
                  00008478    000001c0     dice.obj (.text:roll)
                  00008638    00000146     RBX430_lcd.obj (.text:lcd_init)
                  0000877e    00000132     RBX430_lcd.obj (.text:lcd_putchar)
                  000088b0    000000e0     dice.obj (.text:drawDie)
                  00008990    000000d6     dice.obj (.text:main)
                  00008a66    000000d4     RBX430_lcd.obj (.text:lcd_wordImage)
                  00008b3a    000000be     RBX430-1.obj (.text:RBX430_init)
                  00008bf8    0000009c     random.obj (.text)
                  00008c94    0000008c     RBX430_lcd.obj (.text:lcd_rectangle)
                  00008d20    0000007a     dice.obj (.text:WDT_ISR)
                  00008d9a    00000076     RBX430-1.obj (.text:ERROR2)
                  00008e10    0000005e     RBX430_lcd.obj (.text:lcd_WD)
                  00008e6e    0000004c     rts430.lib : lsr16.obj (.text)
                  00008eba    0000004a     RBX430_lcd.obj (.text:lcd_WD2)
                  00008f04    00000046     RBX430_lcd.obj (.text:DelayMs)
                  00008f4a    00000046     rts430.lib : autoinit.obj (.text:_auto_init)
                  00008f90    00000038     RBX430_lcd.obj (.text:ReadDataWord)
                  00008fc8    00000034     RBX430_lcd.obj (.text:WriteDataWord)
                  00008ffc    00000034     RBX430_lcd.obj (.text:lcd_set_x_y)
                  00009030    00000030     RBX430_lcd.obj (.text:lcd_cursor)
                  00009060    0000002e     RBX430_lcd.obj (.text:lcd_set)
                  0000908e    0000002c     rts430.lib : div16s.obj (.text)
                  000090ba    0000002c                : lsl16.obj (.text)
                  000090e6    00000026                : boot.obj (.text:_c_int00_noexit)
                  0000910c    00000026     dice.obj (.text:rasberry)
                  00009132    00000026     dice.obj (.text:victory)
                  00009158    00000024     RBX430_lcd.obj (.text:lcd_printf)
                  0000917c    00000020     RBX430_lcd.obj (.text:ReadData)
                  0000919c    0000001e     RBX430_lcd.obj (.text:WriteCmd)
                  000091ba    0000001e     RBX430_lcd.obj (.text:WriteData)
                  000091d8    0000001e     RBX430_lcd.obj (.text:lcd_mode)
                  000091f6    00000018     dice.obj (.text:doTone)
                  0000920e    00000016     rts430.lib : div16u.obj (.text)
                  00009224    00000014     RBX430_lcd.obj (.text:lcd_backlight)
                  00009238    00000014     rts430.lib : mult16.obj (.text)
                  0000924c    00000012                : lsr32.obj (.text:l_lsr)
                  0000925e    00000012                : memcpy.obj (.text:memcpy)
                  00009270    00000012                : strlen.obj (.text:strlen)
                  00009282    00000010     dice.obj (.text:WDT_sleep)
                  00009292    00000010     rts430.lib : epilog.obj (.text)
                  000092a2    0000000e     dice.obj (.text:Port_1_ISR)
                  000092b0    0000000a     RBX430_lcd.obj (.text:lcd_clear)
                  000092ba    00000008     RBX430-1.obj (.text:ADC10_ISR)
                  000092c2    00000004     rts430.lib : pre_init.obj (.text:_system_pre_init)
                  000092c6    00000004                : exit.obj (.text:abort)
                  000092ca    00000002                : _lock.obj (.text:_nop)

.const     0    000092cc    00000846     
                  000092cc    000004e4     dice.obj (.const:byu4_image)
                  000097b0    000001e0     RBX430_lcd.obj (.const:cs)
                  00009990    000000a2     RBX430_lcd.obj (.const:dv3)
                  00009a32    00000052     dice.obj (.const:spot_image)
                  00009a84    0000002c     dice.obj (.const:.string)
                  00009ab0    0000002c     RBX430_lcd.obj (.const:dv$3)
                  00009adc    00000011     RBX430_lcd.obj (.const:lHexChar$1)
                  00009aed    00000001     --HOLE-- [fill = 0]
                  00009aee    00000011     RBX430_lcd.obj (.const:uHexChar$2)
                  00009aff    00000001     --HOLE-- [fill = 0]
                  00009b00    00000006     dice.obj (.const:dice)
                  00009b06    00000006     RBX430_lcd.obj (.const:px_off)
                  00009b0c    00000006     RBX430_lcd.obj (.const:px_on)

.cinit     0    00009b12    0000000e     
                  00009b12    0000000c     dice.obj (.cinit)
                  00009b1e    00000002     --HOLE-- [fill = 0]

PORT1      0    0000ffe4    00000002     
                  0000ffe4    00000002     dice.obj (.int02)

ADC10      0    0000ffea    00000002     
                  0000ffea    00000002     RBX430-1.obj (.int05)

WDT        0    0000fff4    00000002     
                  0000fff4    00000002     dice.obj (.int10)

.reset     0    0000fffe    00000002     
                  0000fffe    00000002     rts430.lib : boot.obj (.reset)


GLOBAL SYMBOLS: SORTED ALPHABETICALLY BY Name 

address    name
--------   ----
00000200   .bss
00000200   .data
00008000   .text
0000004a   ADC10AE0
0000004b   ADC10AE1
000001b0   ADC10CTL0
000001b2   ADC10CTL1
00000048   ADC10DTC0
00000049   ADC10DTC1
000001b4   ADC10MEM
000001bc   ADC10SA
000092ba   ADC10_ISR
00000057   BCSCTL1
00000058   BCSCTL2
00000053   BCSCTL3
000092c6   C$$EXIT
000010fb   CALBC1_12MHZ
000010f9   CALBC1_16MHZ
000010ff   CALBC1_1MHZ
000010fd   CALBC1_8MHZ
000010fa   CALDCO_12MHZ
000010f8   CALDCO_16MHZ
000010fe   CALDCO_1MHZ
000010fc   CALDCO_8MHZ
00000056   DCOCTL
00008c66   DIVU
00008d9a   ERROR2
00000128   FCTL1
0000012a   FCTL2
0000012c   FCTL3
00000000   IE1
00000001   IE2
00000002   IFG1
00000003   IFG2
000090ba   I_LSL
000090e2   I_LSL_1
000090d0   I_LSL_10
000090ce   I_LSL_11
000090cc   I_LSL_12
000090ca   I_LSL_13
000090c8   I_LSL_14
000090c6   I_LSL_15
000090e0   I_LSL_2
000090de   I_LSL_3
000090dc   I_LSL_4
000090da   I_LSL_5
000090d8   I_LSL_6
000090d6   I_LSL_7
000090d4   I_LSL_8
000090d2   I_LSL_9
00008e6e   I_LSR
00008eb4   I_LSR_1
00008e90   I_LSR_10
00008e8c   I_LSR_11
00008e88   I_LSR_12
00008e84   I_LSR_13
00008e80   I_LSR_14
00008e7c   I_LSR_15
00008eb0   I_LSR_2
00008eac   I_LSR_3
00008ea8   I_LSR_4
00008ea4   I_LSR_5
00008ea0   I_LSR_6
00008e9c   I_LSR_7
00008e98   I_LSR_8
00008e94   I_LSR_9
0000924c   L_LSR
00008c4a   MPYU
000000c0   OA0CTL0
000000c1   OA0CTL1
000000c2   OA1CTL0
000000c3   OA1CTL1
00000022   P1DIR
00000025   P1IE
00000024   P1IES
00000023   P1IFG
00000020   P1IN
00000021   P1OUT
00000027   P1REN
00000026   P1SEL
0000002a   P2DIR
0000002d   P2IE
0000002c   P2IES
0000002b   P2IFG
00000028   P2IN
00000029   P2OUT
0000002f   P2REN
0000002e   P2SEL
0000001a   P3DIR
00000018   P3IN
00000019   P3OUT
00000010   P3REN
0000001b   P3SEL
0000001e   P4DIR
0000001c   P4IN
0000001d   P4OUT
00000011   P4REN
0000001f   P4SEL
000092a2   Port_1_ISR
00008b3a   RBX430_init
00000172   TACCR0
00000174   TACCR1
00000176   TACCR2
00000162   TACCTL0
00000164   TACCTL1
00000166   TACCTL2
00000160   TACTL
0000012e   TAIV
00000170   TAR
00000192   TBCCR0
00000194   TBCCR1
00000196   TBCCR2
00000182   TBCCTL0
00000184   TBCCTL1
00000186   TBCCTL2
00000180   TBCTL
0000011e   TBIV
00000190   TBR
0000005d   UCA0ABCTL
00000062   UCA0BR0
00000063   UCA0BR1
00000060   UCA0CTL0
00000061   UCA0CTL1
0000005f   UCA0IRRCTL
0000005e   UCA0IRTCTL
00000064   UCA0MCTL
00000066   UCA0RXBUF
00000065   UCA0STAT
00000067   UCA0TXBUF
0000006a   UCB0BR0
0000006b   UCB0BR1
00000068   UCB0CTL0
00000069   UCB0CTL1
0000006c   UCB0I2CIE
00000118   UCB0I2COA
0000011a   UCB0I2CSA
0000006e   UCB0RXBUF
0000006d   UCB0STAT
0000006f   UCB0TXBUF
00000120   WDTCTL
00000202   WDT_Delay
00008d20   WDT_ISR
00000200   WDT_Sec_Cnt
00000204   WDT_Tone_Cnt
0000020a   WDT_debounce_cnt
00009282   WDT_sleep
00000600   __STACK_END
00000050   __STACK_SIZE
00000001   __TI_args_main
00000001   __TI_auto_init
00000001   __TI_exit
ffffffff   __binit__
00000200   __bss__
ffffffff   __c_args__
00009b12   __cinit__
00000200   __data__
0000908e   __divi
0000920e   __divu
00000200   __edata__
00000222   __end__
000092cc   __etext__
00009238   __mpyi
ffffffff   __pinit__
0000908e   __remi
0000920e   __remu
00008000   __text__
00008f4a   _auto_init
000090e6   _c_int00
000090e6   _c_int00_noexit
0000021a   _cleanup_ptr
0000021c   _dtors_ptr
00000216   _lock
000092ca   _nop
0000fffe   _reset_vector
000005b0   _stack
000092c2   _system_pre_init
00000218   _unlock
000092c6   abort
ffffffff   binit
000092cc   byu4_image
00009b12   cinit
00000208   countdown
000097b0   cs
00009b00   dice
000091f6   doTone
0000020c   doubles_count
000088b0   drawDie
00009990   dv3
00000200   edata
00000222   end
000092cc   etext
0000929e   func_epilog_1
0000929c   func_epilog_2
0000929a   func_epilog_3
00009298   func_epilog_4
00009296   func_epilog_5
00009294   func_epilog_6
00009292   func_epilog_7
00008bfe   getrandSeed
0000021e   i2c_fSCL
00008e10   lcd_WD
00008eba   lcd_WD2
00009224   lcd_backlight
000092b0   lcd_clear
00009030   lcd_cursor
00008638   lcd_init
000091d8   lcd_mode
00008000   lcd_point
00009158   lcd_printf
0000877e   lcd_putchar
00008c94   lcd_rectangle
00009060   lcd_set
00008ffc   lcd_set_x_y
00008a66   lcd_wordImage
00008990   main
0000925e   memcpy
ffffffff   pinit
00009b06   px_off
00009b0c   px_on
00008c04   rand16
00008c32   random
0000910c   rasberry
00008478   roll
00008bf8   setrandSeed
00009a32   spot_image
00009270   strlen
00000206   switches
0000020e   timeout
00009132   victory


GLOBAL SYMBOLS: SORTED BY Symbol Address 

address    name
--------   ----
00000000   IE1
00000001   IE2
00000001   __TI_args_main
00000001   __TI_auto_init
00000001   __TI_exit
00000002   IFG1
00000003   IFG2
00000010   P3REN
00000011   P4REN
00000018   P3IN
00000019   P3OUT
0000001a   P3DIR
0000001b   P3SEL
0000001c   P4IN
0000001d   P4OUT
0000001e   P4DIR
0000001f   P4SEL
00000020   P1IN
00000021   P1OUT
00000022   P1DIR
00000023   P1IFG
00000024   P1IES
00000025   P1IE
00000026   P1SEL
00000027   P1REN
00000028   P2IN
00000029   P2OUT
0000002a   P2DIR
0000002b   P2IFG
0000002c   P2IES
0000002d   P2IE
0000002e   P2SEL
0000002f   P2REN
00000048   ADC10DTC0
00000049   ADC10DTC1
0000004a   ADC10AE0
0000004b   ADC10AE1
00000050   __STACK_SIZE
00000053   BCSCTL3
00000056   DCOCTL
00000057   BCSCTL1
00000058   BCSCTL2
0000005d   UCA0ABCTL
0000005e   UCA0IRTCTL
0000005f   UCA0IRRCTL
00000060   UCA0CTL0
00000061   UCA0CTL1
00000062   UCA0BR0
00000063   UCA0BR1
00000064   UCA0MCTL
00000065   UCA0STAT
00000066   UCA0RXBUF
00000067   UCA0TXBUF
00000068   UCB0CTL0
00000069   UCB0CTL1
0000006a   UCB0BR0
0000006b   UCB0BR1
0000006c   UCB0I2CIE
0000006d   UCB0STAT
0000006e   UCB0RXBUF
0000006f   UCB0TXBUF
000000c0   OA0CTL0
000000c1   OA0CTL1
000000c2   OA1CTL0
000000c3   OA1CTL1
00000118   UCB0I2COA
0000011a   UCB0I2CSA
0000011e   TBIV
00000120   WDTCTL
00000128   FCTL1
0000012a   FCTL2
0000012c   FCTL3
0000012e   TAIV
00000160   TACTL
00000162   TACCTL0
00000164   TACCTL1
00000166   TACCTL2
00000170   TAR
00000172   TACCR0
00000174   TACCR1
00000176   TACCR2
00000180   TBCTL
00000182   TBCCTL0
00000184   TBCCTL1
00000186   TBCCTL2
00000190   TBR
00000192   TBCCR0
00000194   TBCCR1
00000196   TBCCR2
000001b0   ADC10CTL0
000001b2   ADC10CTL1
000001b4   ADC10MEM
000001bc   ADC10SA
00000200   .bss
00000200   .data
00000200   WDT_Sec_Cnt
00000200   __bss__
00000200   __data__
00000200   __edata__
00000200   edata
00000202   WDT_Delay
00000204   WDT_Tone_Cnt
00000206   switches
00000208   countdown
0000020a   WDT_debounce_cnt
0000020c   doubles_count
0000020e   timeout
00000216   _lock
00000218   _unlock
0000021a   _cleanup_ptr
0000021c   _dtors_ptr
0000021e   i2c_fSCL
00000222   __end__
00000222   end
000005b0   _stack
00000600   __STACK_END
000010f8   CALDCO_16MHZ
000010f9   CALBC1_16MHZ
000010fa   CALDCO_12MHZ
000010fb   CALBC1_12MHZ
000010fc   CALDCO_8MHZ
000010fd   CALBC1_8MHZ
000010fe   CALDCO_1MHZ
000010ff   CALBC1_1MHZ
00008000   .text
00008000   __text__
00008000   lcd_point
00008478   roll
00008638   lcd_init
0000877e   lcd_putchar
000088b0   drawDie
00008990   main
00008a66   lcd_wordImage
00008b3a   RBX430_init
00008bf8   setrandSeed
00008bfe   getrandSeed
00008c04   rand16
00008c32   random
00008c4a   MPYU
00008c66   DIVU
00008c94   lcd_rectangle
00008d20   WDT_ISR
00008d9a   ERROR2
00008e10   lcd_WD
00008e6e   I_LSR
00008e7c   I_LSR_15
00008e80   I_LSR_14
00008e84   I_LSR_13
00008e88   I_LSR_12
00008e8c   I_LSR_11
00008e90   I_LSR_10
00008e94   I_LSR_9
00008e98   I_LSR_8
00008e9c   I_LSR_7
00008ea0   I_LSR_6
00008ea4   I_LSR_5
00008ea8   I_LSR_4
00008eac   I_LSR_3
00008eb0   I_LSR_2
00008eb4   I_LSR_1
00008eba   lcd_WD2
00008f4a   _auto_init
00008ffc   lcd_set_x_y
00009030   lcd_cursor
00009060   lcd_set
0000908e   __divi
0000908e   __remi
000090ba   I_LSL
000090c6   I_LSL_15
000090c8   I_LSL_14
000090ca   I_LSL_13
000090cc   I_LSL_12
000090ce   I_LSL_11
000090d0   I_LSL_10
000090d2   I_LSL_9
000090d4   I_LSL_8
000090d6   I_LSL_7
000090d8   I_LSL_6
000090da   I_LSL_5
000090dc   I_LSL_4
000090de   I_LSL_3
000090e0   I_LSL_2
000090e2   I_LSL_1
000090e6   _c_int00
000090e6   _c_int00_noexit
0000910c   rasberry
00009132   victory
00009158   lcd_printf
000091d8   lcd_mode
000091f6   doTone
0000920e   __divu
0000920e   __remu
00009224   lcd_backlight
00009238   __mpyi
0000924c   L_LSR
0000925e   memcpy
00009270   strlen
00009282   WDT_sleep
00009292   func_epilog_7
00009294   func_epilog_6
00009296   func_epilog_5
00009298   func_epilog_4
0000929a   func_epilog_3
0000929c   func_epilog_2
0000929e   func_epilog_1
000092a2   Port_1_ISR
000092b0   lcd_clear
000092ba   ADC10_ISR
000092c2   _system_pre_init
000092c6   C$$EXIT
000092c6   abort
000092ca   _nop
000092cc   __etext__
000092cc   byu4_image
000092cc   etext
000097b0   cs
00009990   dv3
00009a32   spot_image
00009b00   dice
00009b06   px_off
00009b0c   px_on
00009b12   __cinit__
00009b12   cinit
0000fffe   _reset_vector
ffffffff   __binit__
ffffffff   __c_args__
ffffffff   __pinit__
ffffffff   binit
ffffffff   pinit

[229 symbols]
