******************************************************************************
                  MSP430 Linker PC v4.1.0                      
******************************************************************************
>> Linked Mon Dec 09 18:25:13 2013

OUTPUT FILE NAME:   <L09 - Life.out>
ENTRY POINT SYMBOL: "_c_int00"  address: 000094a8


MEMORY CONFIGURATION

         name            origin    length      used     unused   attr    fill
----------------------  --------  ---------  --------  --------  ----  --------
  SFR                   00000000   00000010  00000000  00000010  RWIX
  PERIPHERALS_8BIT      00000010   000000f0  00000000  000000f0  RWIX
  PERIPHERALS_16BIT     00000100   00000100  00000000  00000100  RWIX
  RAM                   00000200   00000400  000003a4  0000005c  RWIX
  INFOD                 00001000   00000040  00000000  00000040  RWIX
  INFOC                 00001040   00000040  00000000  00000040  RWIX
  INFOB                 00001080   00000040  00000000  00000040  RWIX
  INFOA                 000010c0   00000040  00000000  00000040  RWIX
  FLASH                 00008000   00007fde  0000260a  000059d4  RWIX
  INT00                 0000ffe0   00000002  00000000  00000002  RWIX
  INT01                 0000ffe2   00000002  00000000  00000002  RWIX
  INT02                 0000ffe4   00000002  00000002  00000000  RWIX
  INT03                 0000ffe6   00000002  00000002  00000000  RWIX
  INT04                 0000ffe8   00000002  00000000  00000002  RWIX
  INT05                 0000ffea   00000002  00000002  00000000  RWIX
  INT06                 0000ffec   00000002  00000002  00000000  RWIX
  INT07                 0000ffee   00000002  00000002  00000000  RWIX
  INT08                 0000fff0   00000002  00000002  00000000  RWIX
  INT09                 0000fff2   00000002  00000002  00000000  RWIX
  INT10                 0000fff4   00000002  00000002  00000000  RWIX
  INT11                 0000fff6   00000002  00000000  00000002  RWIX
  INT12                 0000fff8   00000002  00000002  00000000  RWIX
  INT13                 0000fffa   00000002  00000002  00000000  RWIX
  INT14                 0000fffc   00000002  00000002  00000000  RWIX
  RESET                 0000fffe   00000002  00000002  00000000  RWIX


SECTION ALLOCATION MAP

 output                                  attributes/
section   page    origin      length       input sections
--------  ----  ----------  ----------   ----------------
.init_array 
*          0    00008000    00000000     UNINITIALIZED

.bss       0    00000200    00000354     UNINITIALIZED
                  00000200    0000034c     life.obj (.bss)
                  0000054c    00000006     RBX430_lcd.obj (.bss)
                  00000552    00000002     RBX430-1.obj (.bss)

.TI.noinit 
*          0    00000200    00000000     UNINITIALIZED

.stack     0    000005b0    00000050     UNINITIALIZED
                  000005b0    00000002     rts430_eabi.lib : boot.obj (.stack)
                  000005b2    0000004e     --HOLE--

.text      0    00008000    00001580     
                  00008000    00000328     life.obj (.text:play)
                  00008328    000002c4     life.obj (.text:main)
                  000085ec    00000244     RBX430_lcd.obj (.text:lcd_point)
                  00008830    0000021c     RBX430_lcd.obj (.text:my_printfi)
                  00008a4c    0000016a     life.obj (.text:draw_rle_pattern)
                  00008bb6    00000146     RBX430_lcd.obj (.text:lcd_init)
                  00008cfc    00000132     RBX430_lcd.obj (.text:lcd_putchar)
                  00008e2e    000000d2     RBX430_lcd.obj (.text:lcd_wordImage)
                  00008f00    000000be     RBX430-1.obj (.text:RBX430_init)
                  00008fbe    0000008c     RBX430_lcd.obj (.text:lcd_rectangle)
                  0000904a    00000066     RBX430-1.obj (.text:ERROR2)
                  000090b0    0000005e     rts430_eabi.lib : autoinit.obj (.text:_auto_init)
                  0000910e    0000005a     RBX430_lcd.obj (.text:lcd_WD)
                  00009168    0000004c     rts430_eabi.lib : lsr16.obj (.text)
                  000091b4    0000004a     RBX430_lcd.obj (.text:lcd_WD2)
                  000091fe    00000046     life.obj (.text:clear_screen)
                  00009244    00000042     RBX430_lcd.obj (.text:DelayMs)
                  00009286    0000003a     life.obj (.text:WDT_ISR)
                  000092c0    00000038     RBX430_lcd.obj (.text:ReadDataWord)
                  000092f8    00000034     RBX430_lcd.obj (.text:WriteDataWord)
                  0000932c    00000032     RBX430_lcd.obj (.text:lcd_set_x_y)
                  0000935e    00000030     RBX430_lcd.obj (.text:lcd_cursor)
                  0000938e    0000002e     RBX430_lcd.obj (.text:lcd_set)
                  000093bc    0000002c     rts430_eabi.lib : lsl16.obj (.text)
                  000093e8    00000024     RBX430_lcd.obj (.text:lcd_printf)
                  0000940c    00000022     lifelib.obj (.text:ISR_trap)
                  0000942e    00000020     RBX430_lcd.obj (.text:ReadData)
                  0000944e    0000001e     RBX430_lcd.obj (.text:WriteCmd)
                  0000946c    0000001e     RBX430_lcd.obj (.text:WriteData)
                  0000948a    0000001e     RBX430_lcd.obj (.text:lcd_mode)
                  000094a8    0000001a     rts430_eabi.lib : boot.obj (.text:_c_int00_noexit)
                  000094c2    00000016                     : div16u.obj (.text)
                  000094d8    00000014                     : copy_zero_init.obj (.text:decompress:ZI:__TI_zero_init)
                  000094ec    00000014     RBX430_lcd.obj (.text:lcd_backlight)
                  00009500    00000014     rts430_eabi.lib : mult16.obj (.text)
                  00009514    00000012                     : lsr32.obj (.text:l_lsr)
                  00009526    00000012                     : memcpy.obj (.text:memcpy)
                  00009538    00000012                     : strlen.obj (.text:strlen)
                  0000954a    00000010                     : epilog.obj (.text)
                  0000955a    0000000e     life.obj (.text:Port_1_ISR)
                  00009568    00000008     RBX430-1.obj (.text:ADC10_ISR)
                  00009570    00000008     RBX430_lcd.obj (.text:lcd_clear)
                  00009578    00000004     rts430_eabi.lib : pre_init.obj (.text:_system_pre_init)
                  0000957c    00000004                     : exit.obj (.text:abort)

.const     0    00009580    00001080     
                  00009580    00000888     lifelib.obj (.const:life_image)
                  00009e08    000001e0     RBX430_lcd.obj (.const:cs)
                  00009fe8    00000125     lifelib.obj (.const:beacon_maker)
                  0000a10d    00000001     --HOLE-- [fill = 0]
                  0000a10e    000000a2     RBX430_lcd.obj (.const:dv3)
                  0000a1b0    00000082     lifelib.obj (.const:pulsar)
                  0000a232    00000081     lifelib.obj (.const:gosper_glider_gun)
                  0000a2b3    00000001     --HOLE-- [fill = 0]
                  0000a2b4    0000006a     lifelib.obj (.const:bird)
                  0000a31e    0000004f     lifelib.obj (.const:loafer)
                  0000a36d    00000001     --HOLE-- [fill = 0]
                  0000a36e    0000003e     lifelib.obj (.const:hexapole)
                  0000a3ac    0000003a     lifelib.obj (.const:by_flop)
                  0000a3e6    00000034     lifelib.obj (.const:hwss)
                  0000a41a    0000002f     lifelib.obj (.const:lwss)
                  0000a449    00000001     --HOLE-- [fill = 0]
                  0000a44a    0000002d     lifelib.obj (.const:loaf)
                  0000a477    00000001     --HOLE-- [fill = 0]
                  0000a478    0000002c     RBX430_lcd.obj (.const:dv$3)
                  0000a4a4    0000002b     lifelib.obj (.const:beacon)
                  0000a4cf    00000001     --HOLE-- [fill = 0]
                  0000a4d0    0000002b     lifelib.obj (.const:beehive)
                  0000a4fb    00000001     --HOLE-- [fill = 0]
                  0000a4fc    00000027     lifelib.obj (.const:boat)
                  0000a523    00000001     --HOLE-- [fill = 0]
                  0000a524    00000027     lifelib.obj (.const:glider)
                  0000a54b    00000001     --HOLE-- [fill = 0]
                  0000a54c    00000024     lifelib.obj (.const:toad)
                  0000a570    00000023     lifelib.obj (.const:block)
                  0000a593    00000001     --HOLE-- [fill = 0]
                  0000a594    00000020     lifelib.obj (.const:blinker)
                  0000a5b4    0000001c     life.obj (.const:.string)
                  0000a5d0    00000011     RBX430_lcd.obj (.const:lHexChar$1)
                  0000a5e1    00000001     --HOLE-- [fill = 0]
                  0000a5e2    00000011     RBX430_lcd.obj (.const:uHexChar$2)
                  0000a5f3    00000001     --HOLE-- [fill = 0]
                  0000a5f4    00000006     RBX430_lcd.obj (.const:px_off)
                  0000a5fa    00000006     RBX430_lcd.obj (.const:px_on)

.cinit     0    0000a600    0000000a     
                  0000a600    00000004     (.cinit..bss.load) [load image, compression = zero_init]
                  0000a604    00000002     (__TI_handler_table)
                  0000a606    00000004     (__TI_cinit_table)

PORT1      0    0000ffe4    00000002     
                  0000ffe4    00000002     life.obj (.int02)

PORT2      0    0000ffe6    00000002     
                  0000ffe6    00000002     lifelib.obj (.int03)

ADC10      0    0000ffea    00000002     
                  0000ffea    00000002     RBX430-1.obj (.int05)

USCIAB0TX 
*          0    0000ffec    00000002     
                  0000ffec    00000002     lifelib.obj (.int06)

USCIAB0RX 
*          0    0000ffee    00000002     
                  0000ffee    00000002     lifelib.obj (.int07)

TIMERA1    0    0000fff0    00000002     
                  0000fff0    00000002     lifelib.obj (.int08)

TIMERA0    0    0000fff2    00000002     
                  0000fff2    00000002     lifelib.obj (.int09)

WDT        0    0000fff4    00000002     
                  0000fff4    00000002     life.obj (.int10)

TIMERB1    0    0000fff8    00000002     
                  0000fff8    00000002     lifelib.obj (.int12)

TIMERB0    0    0000fffa    00000002     
                  0000fffa    00000002     lifelib.obj (.int13)

NMI        0    0000fffc    00000002     
                  0000fffc    00000002     lifelib.obj (.int14)

.reset     0    0000fffe    00000002     
                  0000fffe    00000002     rts430_eabi.lib : boot.obj (.reset)


LINKER GENERATED COPY TABLES

__TI_cinit_table @ 0000a606 records: 1, size/record: 4, table size: 4
	.bss: load addr=0000a600, load size=00000004 bytes, run addr=00000200, run size=00000354 bytes, compression=zero_init


LINKER GENERATED HANDLER TABLE

__TI_handler_table @ 0000a604 records: 1, size/record: 2, table size: 2
	index: 0, handler: __TI_zero_init


GLOBAL SYMBOLS: SORTED ALPHABETICALLY BY Name 

address    name
--------   ----
0000004a   ADC10AE0
0000004b   ADC10AE1
000001b0   ADC10CTL0
000001b2   ADC10CTL1
00000048   ADC10DTC0
00000049   ADC10DTC1
000001b4   ADC10MEM
000001bc   ADC10SA
00009568   ADC10_ISR
00000057   BCSCTL1
00000058   BCSCTL2
00000053   BCSCTL3
0000957c   C$$EXIT
000010fb   CALBC1_12MHZ
000010f9   CALBC1_16MHZ
000010ff   CALBC1_1MHZ
000010fd   CALBC1_8MHZ
000010fa   CALDCO_12MHZ
000010f8   CALDCO_16MHZ
000010fe   CALDCO_1MHZ
000010fc   CALDCO_8MHZ
00000056   DCOCTL
0000904a   ERROR2
00000128   FCTL1
0000012a   FCTL2
0000012c   FCTL3
00000000   IE1
00000001   IE2
00000002   IFG1
00000003   IFG2
0000940c   ISR_trap
000000c0   OA0CTL0
000000c1   OA0CTL1
000000c2   OA1CTL0
000000c3   OA1CTL1
00000022   P1DIR
00000025   P1IE
00000024   P1IES
00000023   P1IFG
00000020   P1IN
00000021   P1OUT
00000027   P1REN
00000026   P1SEL
0000002a   P2DIR
0000002d   P2IE
0000002c   P2IES
0000002b   P2IFG
00000028   P2IN
00000029   P2OUT
0000002f   P2REN
0000002e   P2SEL
0000001a   P3DIR
00000018   P3IN
00000019   P3OUT
00000010   P3REN
0000001b   P3SEL
0000001e   P4DIR
0000001c   P4IN
0000001d   P4OUT
00000011   P4REN
0000001f   P4SEL
0000955a   Port_1_ISR
00008f00   RBX430_init
00000172   TACCR0
00000174   TACCR1
00000176   TACCR2
00000162   TACCTL0
00000164   TACCTL1
00000166   TACCTL2
00000160   TACTL
0000012e   TAIV
00000170   TAR
00000192   TBCCR0
00000194   TBCCR1
00000196   TBCCR2
00000182   TBCCTL0
00000184   TBCCTL1
00000186   TBCCTL2
00000180   TBCTL
0000011e   TBIV
00000190   TBR
0000005d   UCA0ABCTL
00000062   UCA0BR0
00000063   UCA0BR1
00000060   UCA0CTL0
00000061   UCA0CTL1
0000005f   UCA0IRRCTL
0000005e   UCA0IRTCTL
00000064   UCA0MCTL
00000066   UCA0RXBUF
00000065   UCA0STAT
00000067   UCA0TXBUF
0000006a   UCB0BR0
0000006b   UCB0BR1
00000068   UCB0CTL0
00000069   UCB0CTL1
0000006c   UCB0I2CIE
00000118   UCB0I2COA
0000011a   UCB0I2CSA
0000006e   UCB0RXBUF
0000006d   UCB0STAT
0000006f   UCB0TXBUF
00000120   WDTCTL
00009286   WDT_ISR
00000200   WDT_Sec_Cnt
00000206   WDT_debounce_cnt
00000600   __STACK_END
00000050   __STACK_SIZE
0000a606   __TI_CINIT_Base
0000a60a   __TI_CINIT_Limit
0000a604   __TI_Handler_Table_Base
0000a606   __TI_Handler_Table_Limit
00000001   __TI_args_main
00000001   __TI_exit
000094d8   __TI_zero_init
ffffffff   __binit__
ffffffff   __c_args__
000094c2   __mspabi_divu
00009556   __mspabi_func_epilog_1
00009554   __mspabi_func_epilog_2
00009552   __mspabi_func_epilog_3
00009550   __mspabi_func_epilog_4
0000954e   __mspabi_func_epilog_5
0000954c   __mspabi_func_epilog_6
0000954a   __mspabi_func_epilog_7
00009500   __mspabi_mpyi
000094c2   __mspabi_remu
000093bc   __mspabi_slli
000093e4   __mspabi_slli_1
000093d2   __mspabi_slli_10
000093d0   __mspabi_slli_11
000093ce   __mspabi_slli_12
000093cc   __mspabi_slli_13
000093ca   __mspabi_slli_14
000093c8   __mspabi_slli_15
000093e2   __mspabi_slli_2
000093e0   __mspabi_slli_3
000093de   __mspabi_slli_4
000093dc   __mspabi_slli_5
000093da   __mspabi_slli_6
000093d8   __mspabi_slli_7
000093d6   __mspabi_slli_8
000093d4   __mspabi_slli_9
00009168   __mspabi_srli
000091ae   __mspabi_srli_1
0000918a   __mspabi_srli_10
00009186   __mspabi_srli_11
00009182   __mspabi_srli_12
0000917e   __mspabi_srli_13
0000917a   __mspabi_srli_14
00009176   __mspabi_srli_15
000091aa   __mspabi_srli_2
000091a6   __mspabi_srli_3
000091a2   __mspabi_srli_4
0000919e   __mspabi_srli_5
0000919a   __mspabi_srli_6
00009196   __mspabi_srli_7
00009192   __mspabi_srli_8
0000918e   __mspabi_srli_9
00009514   __mspabi_srll
000090b0   _auto_init
000094a8   _c_int00
000094a8   _c_int00_noexit
0000fffe   _reset_vector
000005b0   _stack
00009578   _system_pre_init
0000957c   abort
0000a4a4   beacon
00009fe8   beacon_maker
0000a4d0   beehive
ffffffff   binit
0000a2b4   bird
0000a594   blinker
0000a570   block
0000a4fc   boat
00000208   button
0000a3ac   by_flop
000091fe   clear_screen
00009e08   cs
00008a4c   draw_rle_pattern
0000a10e   dv3
00000204   generation
0000a524   glider
0000a232   gosper_glider_gun
0000a36e   hexapole
0000a3e6   hwss
0000020a   i
0000020c   i2
00000552   i2c_fSCL
0000910e   lcd_WD
000091b4   lcd_WD2
000094ec   lcd_backlight
00009570   lcd_clear
0000935e   lcd_cursor
00008bb6   lcd_init
0000948a   lcd_mode
000085ec   lcd_point
000093e8   lcd_printf
00008cfc   lcd_putchar
00008fbe   lcd_rectangle
0000938e   lcd_set
0000932c   lcd_set_x_y
00008e2e   lcd_wordImage
0000020e   life
00000538   life_cr
00009580   life_image
00000542   life_nr
0000052e   life_pr
0000a44a   loaf
0000a31e   loafer
0000a41a   lwss
00008328   main
00009526   memcpy
00008000   play
0000a1b0   pulsar
0000a5f4   px_off
0000a5fa   px_on
00000202   seconds
00009538   strlen
0000a54c   toad


GLOBAL SYMBOLS: SORTED BY Symbol Address 

address    name
--------   ----
00000000   IE1
00000001   IE2
00000001   __TI_args_main
00000001   __TI_exit
00000002   IFG1
00000003   IFG2
00000010   P3REN
00000011   P4REN
00000018   P3IN
00000019   P3OUT
0000001a   P3DIR
0000001b   P3SEL
0000001c   P4IN
0000001d   P4OUT
0000001e   P4DIR
0000001f   P4SEL
00000020   P1IN
00000021   P1OUT
00000022   P1DIR
00000023   P1IFG
00000024   P1IES
00000025   P1IE
00000026   P1SEL
00000027   P1REN
00000028   P2IN
00000029   P2OUT
0000002a   P2DIR
0000002b   P2IFG
0000002c   P2IES
0000002d   P2IE
0000002e   P2SEL
0000002f   P2REN
00000048   ADC10DTC0
00000049   ADC10DTC1
0000004a   ADC10AE0
0000004b   ADC10AE1
00000050   __STACK_SIZE
00000053   BCSCTL3
00000056   DCOCTL
00000057   BCSCTL1
00000058   BCSCTL2
0000005d   UCA0ABCTL
0000005e   UCA0IRTCTL
0000005f   UCA0IRRCTL
00000060   UCA0CTL0
00000061   UCA0CTL1
00000062   UCA0BR0
00000063   UCA0BR1
00000064   UCA0MCTL
00000065   UCA0STAT
00000066   UCA0RXBUF
00000067   UCA0TXBUF
00000068   UCB0CTL0
00000069   UCB0CTL1
0000006a   UCB0BR0
0000006b   UCB0BR1
0000006c   UCB0I2CIE
0000006d   UCB0STAT
0000006e   UCB0RXBUF
0000006f   UCB0TXBUF
000000c0   OA0CTL0
000000c1   OA0CTL1
000000c2   OA1CTL0
000000c3   OA1CTL1
00000118   UCB0I2COA
0000011a   UCB0I2CSA
0000011e   TBIV
00000120   WDTCTL
00000128   FCTL1
0000012a   FCTL2
0000012c   FCTL3
0000012e   TAIV
00000160   TACTL
00000162   TACCTL0
00000164   TACCTL1
00000166   TACCTL2
00000170   TAR
00000172   TACCR0
00000174   TACCR1
00000176   TACCR2
00000180   TBCTL
00000182   TBCCTL0
00000184   TBCCTL1
00000186   TBCCTL2
00000190   TBR
00000192   TBCCR0
00000194   TBCCR1
00000196   TBCCR2
000001b0   ADC10CTL0
000001b2   ADC10CTL1
000001b4   ADC10MEM
000001bc   ADC10SA
00000200   WDT_Sec_Cnt
00000202   seconds
00000204   generation
00000206   WDT_debounce_cnt
00000208   button
0000020a   i
0000020c   i2
0000020e   life
0000052e   life_pr
00000538   life_cr
00000542   life_nr
00000552   i2c_fSCL
000005b0   _stack
00000600   __STACK_END
000010f8   CALDCO_16MHZ
000010f9   CALBC1_16MHZ
000010fa   CALDCO_12MHZ
000010fb   CALBC1_12MHZ
000010fc   CALDCO_8MHZ
000010fd   CALBC1_8MHZ
000010fe   CALDCO_1MHZ
000010ff   CALBC1_1MHZ
00008000   play
00008328   main
000085ec   lcd_point
00008a4c   draw_rle_pattern
00008bb6   lcd_init
00008cfc   lcd_putchar
00008e2e   lcd_wordImage
00008f00   RBX430_init
00008fbe   lcd_rectangle
0000904a   ERROR2
000090b0   _auto_init
0000910e   lcd_WD
00009168   __mspabi_srli
00009176   __mspabi_srli_15
0000917a   __mspabi_srli_14
0000917e   __mspabi_srli_13
00009182   __mspabi_srli_12
00009186   __mspabi_srli_11
0000918a   __mspabi_srli_10
0000918e   __mspabi_srli_9
00009192   __mspabi_srli_8
00009196   __mspabi_srli_7
0000919a   __mspabi_srli_6
0000919e   __mspabi_srli_5
000091a2   __mspabi_srli_4
000091a6   __mspabi_srli_3
000091aa   __mspabi_srli_2
000091ae   __mspabi_srli_1
000091b4   lcd_WD2
000091fe   clear_screen
00009286   WDT_ISR
0000932c   lcd_set_x_y
0000935e   lcd_cursor
0000938e   lcd_set
000093bc   __mspabi_slli
000093c8   __mspabi_slli_15
000093ca   __mspabi_slli_14
000093cc   __mspabi_slli_13
000093ce   __mspabi_slli_12
000093d0   __mspabi_slli_11
000093d2   __mspabi_slli_10
000093d4   __mspabi_slli_9
000093d6   __mspabi_slli_8
000093d8   __mspabi_slli_7
000093da   __mspabi_slli_6
000093dc   __mspabi_slli_5
000093de   __mspabi_slli_4
000093e0   __mspabi_slli_3
000093e2   __mspabi_slli_2
000093e4   __mspabi_slli_1
000093e8   lcd_printf
0000940c   ISR_trap
0000948a   lcd_mode
000094a8   _c_int00
000094a8   _c_int00_noexit
000094c2   __mspabi_divu
000094c2   __mspabi_remu
000094d8   __TI_zero_init
000094ec   lcd_backlight
00009500   __mspabi_mpyi
00009514   __mspabi_srll
00009526   memcpy
00009538   strlen
0000954a   __mspabi_func_epilog_7
0000954c   __mspabi_func_epilog_6
0000954e   __mspabi_func_epilog_5
00009550   __mspabi_func_epilog_4
00009552   __mspabi_func_epilog_3
00009554   __mspabi_func_epilog_2
00009556   __mspabi_func_epilog_1
0000955a   Port_1_ISR
00009568   ADC10_ISR
00009570   lcd_clear
00009578   _system_pre_init
0000957c   C$$EXIT
0000957c   abort
00009580   life_image
00009e08   cs
00009fe8   beacon_maker
0000a10e   dv3
0000a1b0   pulsar
0000a232   gosper_glider_gun
0000a2b4   bird
0000a31e   loafer
0000a36e   hexapole
0000a3ac   by_flop
0000a3e6   hwss
0000a41a   lwss
0000a44a   loaf
0000a4a4   beacon
0000a4d0   beehive
0000a4fc   boat
0000a524   glider
0000a54c   toad
0000a570   block
0000a594   blinker
0000a5f4   px_off
0000a5fa   px_on
0000a604   __TI_Handler_Table_Base
0000a606   __TI_CINIT_Base
0000a606   __TI_Handler_Table_Limit
0000a60a   __TI_CINIT_Limit
0000fffe   _reset_vector
ffffffff   __binit__
ffffffff   __c_args__
ffffffff   binit

[220 symbols]
