******************************************************************************
                  MSP430 Linker PC v4.1.0                      
******************************************************************************
>> Linked Tue Dec 10 19:25:14 2013

OUTPUT FILE NAME:   <L10 - Pong.out>
ENTRY POINT SYMBOL: "_c_int00"  address: 0000ad3e


MEMORY CONFIGURATION

         name            origin    length      used     unused   attr    fill
----------------------  --------  ---------  --------  --------  ----  --------
  SFR                   00000000   00000010  00000000  00000010  RWIX
  PERIPHERALS_8BIT      00000010   000000f0  00000000  000000f0  RWIX
  PERIPHERALS_16BIT     00000100   00000100  00000000  00000100  RWIX
  RAM                   00000200   00000400  000000dc  00000324  RWIX
  INFOD                 00001000   00000040  00000000  00000040  RWIX
  INFOC                 00001040   00000040  00000000  00000040  RWIX
  INFOB                 00001080   00000040  00000000  00000040  RWIX
  INFOA                 000010c0   00000040  00000000  00000040  RWIX
  FLASH                 00008000   00007fde  00003be8  000043f6  RWIX
  INT00                 0000ffe0   00000002  00000000  00000002  RWIX
  INT01                 0000ffe2   00000002  00000000  00000002  RWIX
  INT02                 0000ffe4   00000002  00000002  00000000  RWIX
  INT03                 0000ffe6   00000002  00000002  00000000  RWIX
  INT04                 0000ffe8   00000002  00000000  00000002  RWIX
  INT05                 0000ffea   00000002  00000002  00000000  RWIX
  INT06                 0000ffec   00000002  00000002  00000000  RWIX
  INT07                 0000ffee   00000002  00000002  00000000  RWIX
  INT08                 0000fff0   00000002  00000002  00000000  RWIX
  INT09                 0000fff2   00000002  00000002  00000000  RWIX
  INT10                 0000fff4   00000002  00000002  00000000  RWIX
  INT11                 0000fff6   00000002  00000000  00000002  RWIX
  INT12                 0000fff8   00000002  00000002  00000000  RWIX
  INT13                 0000fffa   00000002  00000002  00000000  RWIX
  INT14                 0000fffc   00000002  00000002  00000000  RWIX
  RESET                 0000fffe   00000002  00000002  00000000  RWIX


SECTION ALLOCATION MAP

 output                                  attributes/
section   page    origin      length       input sections
--------  ----  ----------  ----------   ----------------
.init_array 
*          0    00008000    00000000     UNINITIALIZED

.sysmem    0    00000200    00000050     UNINITIALIZED
                  00000200    00000004     rts430_eabi.lib : memory.obj (.sysmem)
                  00000204    0000004c     --HOLE--

.bss       0    00000250    0000002c     UNINITIALIZED
                  00000250    0000001e     pong.obj (.bss)
                  0000026e    00000006     RBX430_lcd.obj (.bss)
                  00000274    00000006     rts430_eabi.lib : memory.obj (.bss)
                  0000027a    00000002     RBX430-1.obj (.bss)

.TI.noinit 
*          0    00000250    00000000     UNINITIALIZED

.data      0    0000027c    00000010     
                  0000027c    00000006     pong.obj (.data)
                  00000282    00000004     rts430_eabi.lib : _lock.obj (.data)
                  00000286    00000004                     : rand.obj (.data)
                  0000028a    00000002                     : memory.obj (.data)

.TI.persistent 
*          0    0000027c    00000000     UNINITIALIZED

.stack     0    000005b0    00000050     UNINITIALIZED
                  000005b0    00000002     rts430_eabi.lib : boot.obj (.stack)
                  000005b2    0000004e     --HOLE--

.text      0    00008000    00002e86     
                  00008000    0000045e     rts430_eabi.lib : frcdivd.obj (.text:_frcdivd)
                  0000845e    000003c6     pongLib.obj (.text:drawBall)
                  00008824    000002e8     rts430_eabi.lib : addd.obj (.text:__mspabi_addd)
                  00008b0c    000002be     pongEvents.obj (.text:MOVE_BALL_event)
                  00008dca    0000026e     rts430_eabi.lib : frcaddd.obj (.text:_frcaddd)
                  00009038    00000246     RBX430_lcd.obj (.text:lcd_point)
                  0000927e    00000238     rts430_eabi.lib : divd.obj (.text:__mspabi_divd)
                  000094b6    00000232     RBX430_lcd.obj (.text:my_printfi)
                  000096e8    00000184     pong.obj (.text:main)
                  0000986c    00000146     RBX430_lcd.obj (.text:lcd_init)
                  000099b2    00000134     pong.obj (.text:WDT_ISR)
                  00009ae6    00000132     RBX430_lcd.obj (.text:lcd_putchar)
                  00009c18    000000fa     pongEvents.obj (.text:BEGIN_event)
                  00009d12    000000d4     RBX430_lcd.obj (.text:lcd_wordImage)
                  00009de6    000000c0     rts430_eabi.lib : renormd.obj (.text:_renormd)
                  00009ea6    000000be     RBX430-1.obj (.text:RBX430_init)
                  00009f64    000000bc     RBX430-1.obj (.text:ADC_read)
                  0000a020    000000b0     rts430_eabi.lib : fltlid.obj (.text:__mspabi_fltlid)
                  0000a0d0    000000a8                     : memory.obj (.text:malloc)
                  0000a178    000000a0     pongEvents.obj (.text:ADC_READ_event)
                  0000a218    00000090     rts430_eabi.lib : fltuld.obj (.text:__mspabi_fltuld)
                  0000a2a8    0000008c     RBX430_lcd.obj (.text:lcd_rectangle)
                  0000a334    00000088     rts430_eabi.lib : fixdli.obj (.text:__mspabi_fixdli)
                  0000a3bc    00000080                     : memory.obj (.text:free)
                  0000a43c    00000076     RBX430-1.obj (.text:ERROR2)
                  0000a4b2    0000006e     pongEvents.obj (.text:new_right_paddle)
                  0000a520    00000068     pongLib.obj (.text:drawPaddle)
                  0000a588    00000062     pongEvents.obj (.text:ENDGAME_event)
                  0000a5ea    00000060     pongEvents.obj (.text:SCORE_event)
                  0000a64a    00000060     pongEvents.obj (.text:new_left_paddle)
                  0000a6aa    0000005e     rts430_eabi.lib : copy_decompress_rle.obj (.text:__TI_decompress_rle_core)
                  0000a708    0000005e                     : autoinit.obj (.text:_auto_init)
                  0000a766    0000005e     RBX430_lcd.obj (.text:lcd_WD)
                  0000a7c4    0000005c     rts430_eabi.lib : lsr32.obj (.text:l_lsr_const)
                  0000a820    0000004c                     : lsr16.obj (.text)
                  0000a86c    0000004a     RBX430_lcd.obj (.text:lcd_WD2)
                  0000a8b6    00000046     RBX430_lcd.obj (.text:DelayMs)
                  0000a8fc    0000003e     rts430_eabi.lib : asr32.obj (.text:l_asr_const)
                  0000a93a    0000003e                     : lsl32.obj (.text:l_lsl_const)
                  0000a978    00000038     RBX430_lcd.obj (.text:ReadDataWord)
                  0000a9b0    00000038     rts430_eabi.lib : memory.obj (.text:minit)
                  0000a9e8    00000038                     : rand.obj (.text:rand)
                  0000aa20    00000038     pongEvents.obj (.text:victory)
                  0000aa58    00000036     rts430_eabi.lib : subd.obj (.text:__mspabi_subd)
                  0000aa8e    00000034     RBX430_lcd.obj (.text:WriteDataWord)
                  0000aac2    00000034     RBX430_lcd.obj (.text:lcd_set_x_y)
                  0000aaf6    00000034     pongEvents.obj (.text:new_ball)
                  0000ab2a    00000030     RBX430_lcd.obj (.text:lcd_cursor)
                  0000ab5a    0000002e     RBX430_lcd.obj (.text:lcd_set)
                  0000ab88    0000002c     RBX430_lcd.obj (.text:lcd_volume)
                  0000abb4    0000002c     rts430_eabi.lib : asr16.obj (.text)
                  0000abe0    0000002c                     : lsl16.obj (.text)
                  0000ac0c    00000028                     : fixdi.obj (.text:__mspabi_fixdi)
                  0000ac34    00000026                     : mult32.obj (.text)
                  0000ac5a    00000024     RBX430_lcd.obj (.text:lcd_fillImage)
                  0000ac7e    00000024     RBX430_lcd.obj (.text:lcd_printf)
                  0000aca2    00000022     pong.obj (.text:ISR_trap)
                  0000acc4    00000020     RBX430_lcd.obj (.text:ReadData)
                  0000ace4    0000001e     RBX430_lcd.obj (.text:WriteCmd)
                  0000ad02    0000001e     RBX430_lcd.obj (.text:WriteData)
                  0000ad20    0000001e     RBX430_lcd.obj (.text:lcd_mode)
                  0000ad3e    0000001a     rts430_eabi.lib : boot.obj (.text:_c_int00_noexit)
                  0000ad58    00000016     pong.obj (.text:TIMERA1_ISR)
                  0000ad6e    00000014     rts430_eabi.lib : copy_zero_init.obj (.text:decompress:ZI:__TI_zero_init)
                  0000ad82    00000014     pongEvents.obj (.text:failure)
                  0000ad96    00000014     RBX430_lcd.obj (.text:lcd_backlight)
                  0000adaa    00000014     rts430_eabi.lib : mult16.obj (.text)
                  0000adbe    00000012                     : copy_decompress_none.obj (.text:decompress:none:__TI_decompress_none)
                  0000add0    00000012                     : lsr32.obj (.text:l_lsr)
                  0000ade2    00000012                     : memcpy.obj (.text:memcpy)
                  0000adf4    00000012                     : strlen.obj (.text:strlen)
                  0000ae06    00000010                     : asr32.obj (.text:l_asr)
                  0000ae16    00000010                     : lsl32.obj (.text:l_lsl)
                  0000ae26    00000010                     : epilog.obj (.text)
                  0000ae36    0000000e     pong.obj (.text:Port_1_ISR)
                  0000ae44    0000000c     rts430_eabi.lib : fltid.obj (.text:__mspabi_fltid)
                  0000ae50    0000000a                     : abs.obj (.text:abs)
                  0000ae5a    0000000a     RBX430_lcd.obj (.text:lcd_clear)
                  0000ae64    00000008     RBX430-1.obj (.text:ADC10_ISR)
                  0000ae6c    00000006     rts430_eabi.lib : fltud.obj (.text:__mspabi_fltud)
                  0000ae72    00000006                     : copy_decompress_rle.obj (.text:decompress:rle24:__TI_decompress_rle24)
                  0000ae78    00000004     RBX430-1.obj (.text:ADC_init)
                  0000ae7c    00000004     rts430_eabi.lib : pre_init.obj (.text:_system_pre_init)
                  0000ae80    00000004                     : exit.obj (.text:abort)
                  0000ae84    00000002                     : _lock.obj (.text:_nop)

.const     0    0000ae86    00000d3c     
                  0000ae86    00000a12     pongImages.obj (.const:pong_image)
                  0000b898    000001e0     RBX430_lcd.obj (.const:cs)
                  0000ba78    000000a2     RBX430_lcd.obj (.const:dv3)
                  0000bb1a    00000034     pongEvents.obj (.const:.string)
                  0000bb4e    0000002c     RBX430_lcd.obj (.const:dv$3)
                  0000bb7a    00000018     pong.obj (.const:.string)
                  0000bb92    00000011     RBX430_lcd.obj (.const:lHexChar$1)
                  0000bba3    00000001     --HOLE-- [fill = 0]
                  0000bba4    00000011     RBX430_lcd.obj (.const:uHexChar$2)
                  0000bbb5    00000001     --HOLE-- [fill = 0]
                  0000bbb6    00000006     RBX430_lcd.obj (.const:px_off)
                  0000bbbc    00000006     RBX430_lcd.obj (.const:px_on)

.cinit     0    0000bbc2    00000026     
                  0000bbc2    00000013     (.cinit..data.load) [load image, compression = rle]
                  0000bbd5    00000001     --HOLE-- [fill = 0]
                  0000bbd6    00000006     (__TI_handler_table)
                  0000bbdc    00000004     (.cinit..bss.load) [load image, compression = zero_init]
                  0000bbe0    00000008     (__TI_cinit_table)

PORT1      0    0000ffe4    00000002     
                  0000ffe4    00000002     pong.obj (.int02)

PORT2      0    0000ffe6    00000002     
                  0000ffe6    00000002     pong.obj (.int03)

ADC10      0    0000ffea    00000002     
                  0000ffea    00000002     RBX430-1.obj (.int05)

USCIAB0TX 
*          0    0000ffec    00000002     
                  0000ffec    00000002     pong.obj (.int06)

USCIAB0RX 
*          0    0000ffee    00000002     
                  0000ffee    00000002     pong.obj (.int07)

TIMERA1    0    0000fff0    00000002     
                  0000fff0    00000002     pong.obj (.int08)

TIMERA0    0    0000fff2    00000002     
                  0000fff2    00000002     pong.obj (.int09)

WDT        0    0000fff4    00000002     
                  0000fff4    00000002     pong.obj (.int10)

TIMERB1    0    0000fff8    00000002     
                  0000fff8    00000002     pong.obj (.int12)

TIMERB0    0    0000fffa    00000002     
                  0000fffa    00000002     pong.obj (.int13)

NMI        0    0000fffc    00000002     
                  0000fffc    00000002     pong.obj (.int14)

.reset     0    0000fffe    00000002     
                  0000fffe    00000002     rts430_eabi.lib : boot.obj (.reset)


LINKER GENERATED COPY TABLES

__TI_cinit_table @ 0000bbe0 records: 2, size/record: 4, table size: 8
	.data: load addr=0000bbc2, load size=00000013 bytes, run addr=0000027c, run size=00000010 bytes, compression=rle
	.bss: load addr=0000bbdc, load size=00000004 bytes, run addr=00000250, run size=0000002c bytes, compression=zero_init


LINKER GENERATED HANDLER TABLE

__TI_handler_table @ 0000bbd6 records: 3, size/record: 2, table size: 6
	index: 0, handler: __TI_zero_init
	index: 1, handler: __TI_decompress_rle24
	index: 2, handler: __TI_decompress_none


GLOBAL SYMBOLS: SORTED ALPHABETICALLY BY Name 

address    name
--------   ----
0000004a   ADC10AE0
0000004b   ADC10AE1
000001b0   ADC10CTL0
000001b2   ADC10CTL1
00000048   ADC10DTC0
00000049   ADC10DTC1
000001b4   ADC10MEM
000001bc   ADC10SA
0000ae64   ADC10_ISR
0000a178   ADC_READ_event
0000ae78   ADC_init
00009f64   ADC_read
00000057   BCSCTL1
00000058   BCSCTL2
00000053   BCSCTL3
00009c18   BEGIN_event
0000ae80   C$$EXIT
000010fb   CALBC1_12MHZ
000010f9   CALBC1_16MHZ
000010ff   CALBC1_1MHZ
000010fd   CALBC1_8MHZ
000010fa   CALDCO_12MHZ
000010f8   CALDCO_16MHZ
000010fe   CALDCO_1MHZ
000010fc   CALDCO_8MHZ
00000056   DCOCTL
0000a588   ENDGAME_event
0000a43c   ERROR2
00000128   FCTL1
0000012a   FCTL2
0000012c   FCTL3
00000000   IE1
00000001   IE2
00000002   IFG1
00000003   IFG2
0000aca2   ISR_trap
00008b0c   MOVE_BALL_event
000000c0   OA0CTL0
000000c1   OA0CTL1
000000c2   OA1CTL0
000000c3   OA1CTL1
00000022   P1DIR
00000025   P1IE
00000024   P1IES
00000023   P1IFG
00000020   P1IN
00000021   P1OUT
00000027   P1REN
00000026   P1SEL
0000002a   P2DIR
0000002d   P2IE
0000002c   P2IES
0000002b   P2IFG
00000028   P2IN
00000029   P2OUT
0000002f   P2REN
0000002e   P2SEL
0000001a   P3DIR
00000018   P3IN
00000019   P3OUT
00000010   P3REN
0000001b   P3SEL
0000001e   P4DIR
0000001c   P4IN
0000001d   P4OUT
00000011   P4REN
0000001f   P4SEL
0000ae36   Port_1_ISR
00009ea6   RBX430_init
0000a5ea   SCORE_event
00000172   TACCR0
00000174   TACCR1
00000176   TACCR2
00000162   TACCTL0
00000164   TACCTL1
00000166   TACCTL2
00000160   TACTL
0000012e   TAIV
00000170   TAR
00000260   TB0_tone_on
00000192   TBCCR0
00000194   TBCCR1
00000196   TBCCR2
00000182   TBCCTL0
00000184   TBCCTL1
00000186   TBCCTL2
00000180   TBCTL
0000011e   TBIV
00000190   TBR
0000ad58   TIMERA1_ISR
0000005d   UCA0ABCTL
00000062   UCA0BR0
00000063   UCA0BR1
00000060   UCA0CTL0
00000061   UCA0CTL1
0000005f   UCA0IRRCTL
0000005e   UCA0IRTCTL
00000064   UCA0MCTL
00000066   UCA0RXBUF
00000065   UCA0STAT
00000067   UCA0TXBUF
0000006a   UCB0BR0
0000006b   UCB0BR1
00000068   UCB0CTL0
00000069   UCB0CTL1
0000006c   UCB0I2CIE
00000118   UCB0I2COA
0000011a   UCB0I2CSA
0000006e   UCB0RXBUF
0000006d   UCB0STAT
0000006f   UCB0TXBUF
00000120   WDTCTL
000099b2   WDT_ISR
00000252   WDT_adc_cnt
00000250   WDT_cps_cnt
00000258   WDT_debounce_cnt
00000254   WDT_score_cnt
00000600   __STACK_END
00000050   __STACK_SIZE
00000050   __SYSMEM_SIZE
0000bbe0   __TI_CINIT_Base
0000bbe8   __TI_CINIT_Limit
0000bbd6   __TI_Handler_Table_Base
0000bbdc   __TI_Handler_Table_Limit
00000001   __TI_args_main
0000adbe   __TI_decompress_none
0000ae72   __TI_decompress_rle24
00000001   __TI_exit
0000ad6e   __TI_zero_init
ffffffff   __binit__
ffffffff   __c_args__
00008824   __mspabi_addd
0000927e   __mspabi_divd
0000ac0c   __mspabi_fixdi
0000a334   __mspabi_fixdli
0000ae44   __mspabi_fltid
0000a020   __mspabi_fltlid
0000ae6c   __mspabi_fltud
0000a218   __mspabi_fltuld
0000ae32   __mspabi_func_epilog_1
0000ae30   __mspabi_func_epilog_2
0000ae2e   __mspabi_func_epilog_3
0000ae2c   __mspabi_func_epilog_4
0000ae2a   __mspabi_func_epilog_5
0000ae28   __mspabi_func_epilog_6
0000ae26   __mspabi_func_epilog_7
0000adaa   __mspabi_mpyi
0000ac34   __mspabi_mpyl
0000abe0   __mspabi_slli
0000ac08   __mspabi_slli_1
0000abf6   __mspabi_slli_10
0000abf4   __mspabi_slli_11
0000abf2   __mspabi_slli_12
0000abf0   __mspabi_slli_13
0000abee   __mspabi_slli_14
0000abec   __mspabi_slli_15
0000ac06   __mspabi_slli_2
0000ac04   __mspabi_slli_3
0000ac02   __mspabi_slli_4
0000ac00   __mspabi_slli_5
0000abfe   __mspabi_slli_6
0000abfc   __mspabi_slli_7
0000abfa   __mspabi_slli_8
0000abf8   __mspabi_slli_9
0000ae16   __mspabi_slll
0000a972   __mspabi_slll_1
0000a94e   __mspabi_slll_10
0000a94a   __mspabi_slll_11
0000a946   __mspabi_slll_12
0000a942   __mspabi_slll_13
0000a93e   __mspabi_slll_14
0000a93a   __mspabi_slll_15
0000a96e   __mspabi_slll_2
0000a96a   __mspabi_slll_3
0000a966   __mspabi_slll_4
0000a962   __mspabi_slll_5
0000a95e   __mspabi_slll_6
0000a95a   __mspabi_slll_7
0000a956   __mspabi_slll_8
0000a952   __mspabi_slll_9
0000abb4   __mspabi_srai
0000abdc   __mspabi_srai_1
0000abca   __mspabi_srai_10
0000abc8   __mspabi_srai_11
0000abc6   __mspabi_srai_12
0000abc4   __mspabi_srai_13
0000abc2   __mspabi_srai_14
0000abc0   __mspabi_srai_15
0000abda   __mspabi_srai_2
0000abd8   __mspabi_srai_3
0000abd6   __mspabi_srai_4
0000abd4   __mspabi_srai_5
0000abd2   __mspabi_srai_6
0000abd0   __mspabi_srai_7
0000abce   __mspabi_srai_8
0000abcc   __mspabi_srai_9
0000ae06   __mspabi_sral
0000a934   __mspabi_sral_1
0000a910   __mspabi_sral_10
0000a90c   __mspabi_sral_11
0000a908   __mspabi_sral_12
0000a904   __mspabi_sral_13
0000a900   __mspabi_sral_14
0000a8fc   __mspabi_sral_15
0000a930   __mspabi_sral_2
0000a92c   __mspabi_sral_3
0000a928   __mspabi_sral_4
0000a924   __mspabi_sral_5
0000a920   __mspabi_sral_6
0000a91c   __mspabi_sral_7
0000a918   __mspabi_sral_8
0000a914   __mspabi_sral_9
0000a820   __mspabi_srli
0000a866   __mspabi_srli_1
0000a842   __mspabi_srli_10
0000a83e   __mspabi_srli_11
0000a83a   __mspabi_srli_12
0000a836   __mspabi_srli_13
0000a832   __mspabi_srli_14
0000a82e   __mspabi_srli_15
0000a862   __mspabi_srli_2
0000a85e   __mspabi_srli_3
0000a85a   __mspabi_srli_4
0000a856   __mspabi_srli_5
0000a852   __mspabi_srli_6
0000a84e   __mspabi_srli_7
0000a84a   __mspabi_srli_8
0000a846   __mspabi_srli_9
0000add0   __mspabi_srll
0000a818   __mspabi_srll_1
0000a7e2   __mspabi_srll_10
0000a7dc   __mspabi_srll_11
0000a7d6   __mspabi_srll_12
0000a7d0   __mspabi_srll_13
0000a7ca   __mspabi_srll_14
0000a7c4   __mspabi_srll_15
0000a812   __mspabi_srll_2
0000a80c   __mspabi_srll_3
0000a806   __mspabi_srll_4
0000a800   __mspabi_srll_5
0000a7fa   __mspabi_srll_6
0000a7f4   __mspabi_srll_7
0000a7ee   __mspabi_srll_8
0000a7e8   __mspabi_srll_9
0000aa58   __mspabi_subd
0000a708   _auto_init
0000ad3e   _c_int00
0000ad3e   _c_int00_noexit
00008dca   _frcaddd
00008000   _frcdivd
00000282   _lock
0000ae84   _nop
00009de6   _renormd
0000fffe   _reset_vector
000005b0   _stack
00000200   _sys_memory
0000ae7c   _system_pre_init
00000284   _unlock
0000ae80   abort
0000ae50   abs
ffffffff   binit
0000027c   button
0000025c   countdown
0000b898   cs
0000025a   cur_ball_speed
0000845e   drawBall
0000a520   drawPaddle
0000ba78   dv3
00000264   dx
00000266   dy
0000ad82   failure
0000a3bc   free
0000027a   i2c_fSCL
0000a766   lcd_WD
0000a86c   lcd_WD2
0000ad96   lcd_backlight
0000ae5a   lcd_clear
0000ab2a   lcd_cursor
0000ac5a   lcd_fillImage
0000986c   lcd_init
0000ad20   lcd_mode
00009038   lcd_point
0000ac7e   lcd_printf
00009ae6   lcd_putchar
0000a2a8   lcd_rectangle
0000ab5a   lcd_set
0000aac2   lcd_set_x_y
0000ab88   lcd_volume
00009d12   lcd_wordImage
00000268   leftPaddle
0000027e   left_score
000096e8   main
0000a0d0   malloc
0000ade2   memcpy
0000a9b0   minit
0000026c   myBall
0000aaf6   new_ball
0000025e   new_game
0000a64a   new_left_paddle
0000a4b2   new_right_paddle
0000ae86   pong_image
0000bbb6   px_off
0000bbbc   px_on
0000a9e8   rand
0000026a   rightPaddle
00000280   right_score
00000256   sec_timer
0000adf4   strlen
00000262   sys_event
0000aa20   victory


GLOBAL SYMBOLS: SORTED BY Symbol Address 

address    name
--------   ----
00000000   IE1
00000001   IE2
00000001   __TI_args_main
00000001   __TI_exit
00000002   IFG1
00000003   IFG2
00000010   P3REN
00000011   P4REN
00000018   P3IN
00000019   P3OUT
0000001a   P3DIR
0000001b   P3SEL
0000001c   P4IN
0000001d   P4OUT
0000001e   P4DIR
0000001f   P4SEL
00000020   P1IN
00000021   P1OUT
00000022   P1DIR
00000023   P1IFG
00000024   P1IES
00000025   P1IE
00000026   P1SEL
00000027   P1REN
00000028   P2IN
00000029   P2OUT
0000002a   P2DIR
0000002b   P2IFG
0000002c   P2IES
0000002d   P2IE
0000002e   P2SEL
0000002f   P2REN
00000048   ADC10DTC0
00000049   ADC10DTC1
0000004a   ADC10AE0
0000004b   ADC10AE1
00000050   __STACK_SIZE
00000050   __SYSMEM_SIZE
00000053   BCSCTL3
00000056   DCOCTL
00000057   BCSCTL1
00000058   BCSCTL2
0000005d   UCA0ABCTL
0000005e   UCA0IRTCTL
0000005f   UCA0IRRCTL
00000060   UCA0CTL0
00000061   UCA0CTL1
00000062   UCA0BR0
00000063   UCA0BR1
00000064   UCA0MCTL
00000065   UCA0STAT
00000066   UCA0RXBUF
00000067   UCA0TXBUF
00000068   UCB0CTL0
00000069   UCB0CTL1
0000006a   UCB0BR0
0000006b   UCB0BR1
0000006c   UCB0I2CIE
0000006d   UCB0STAT
0000006e   UCB0RXBUF
0000006f   UCB0TXBUF
000000c0   OA0CTL0
000000c1   OA0CTL1
000000c2   OA1CTL0
000000c3   OA1CTL1
00000118   UCB0I2COA
0000011a   UCB0I2CSA
0000011e   TBIV
00000120   WDTCTL
00000128   FCTL1
0000012a   FCTL2
0000012c   FCTL3
0000012e   TAIV
00000160   TACTL
00000162   TACCTL0
00000164   TACCTL1
00000166   TACCTL2
00000170   TAR
00000172   TACCR0
00000174   TACCR1
00000176   TACCR2
00000180   TBCTL
00000182   TBCCTL0
00000184   TBCCTL1
00000186   TBCCTL2
00000190   TBR
00000192   TBCCR0
00000194   TBCCR1
00000196   TBCCR2
000001b0   ADC10CTL0
000001b2   ADC10CTL1
000001b4   ADC10MEM
000001bc   ADC10SA
00000200   _sys_memory
00000250   WDT_cps_cnt
00000252   WDT_adc_cnt
00000254   WDT_score_cnt
00000256   sec_timer
00000258   WDT_debounce_cnt
0000025a   cur_ball_speed
0000025c   countdown
0000025e   new_game
00000260   TB0_tone_on
00000262   sys_event
00000264   dx
00000266   dy
00000268   leftPaddle
0000026a   rightPaddle
0000026c   myBall
0000027a   i2c_fSCL
0000027c   button
0000027e   left_score
00000280   right_score
00000282   _lock
00000284   _unlock
000005b0   _stack
00000600   __STACK_END
000010f8   CALDCO_16MHZ
000010f9   CALBC1_16MHZ
000010fa   CALDCO_12MHZ
000010fb   CALBC1_12MHZ
000010fc   CALDCO_8MHZ
000010fd   CALBC1_8MHZ
000010fe   CALDCO_1MHZ
000010ff   CALBC1_1MHZ
00008000   _frcdivd
0000845e   drawBall
00008824   __mspabi_addd
00008b0c   MOVE_BALL_event
00008dca   _frcaddd
00009038   lcd_point
0000927e   __mspabi_divd
000096e8   main
0000986c   lcd_init
000099b2   WDT_ISR
00009ae6   lcd_putchar
00009c18   BEGIN_event
00009d12   lcd_wordImage
00009de6   _renormd
00009ea6   RBX430_init
00009f64   ADC_read
0000a020   __mspabi_fltlid
0000a0d0   malloc
0000a178   ADC_READ_event
0000a218   __mspabi_fltuld
0000a2a8   lcd_rectangle
0000a334   __mspabi_fixdli
0000a3bc   free
0000a43c   ERROR2
0000a4b2   new_right_paddle
0000a520   drawPaddle
0000a588   ENDGAME_event
0000a5ea   SCORE_event
0000a64a   new_left_paddle
0000a708   _auto_init
0000a766   lcd_WD
0000a7c4   __mspabi_srll_15
0000a7ca   __mspabi_srll_14
0000a7d0   __mspabi_srll_13
0000a7d6   __mspabi_srll_12
0000a7dc   __mspabi_srll_11
0000a7e2   __mspabi_srll_10
0000a7e8   __mspabi_srll_9
0000a7ee   __mspabi_srll_8
0000a7f4   __mspabi_srll_7
0000a7fa   __mspabi_srll_6
0000a800   __mspabi_srll_5
0000a806   __mspabi_srll_4
0000a80c   __mspabi_srll_3
0000a812   __mspabi_srll_2
0000a818   __mspabi_srll_1
0000a820   __mspabi_srli
0000a82e   __mspabi_srli_15
0000a832   __mspabi_srli_14
0000a836   __mspabi_srli_13
0000a83a   __mspabi_srli_12
0000a83e   __mspabi_srli_11
0000a842   __mspabi_srli_10
0000a846   __mspabi_srli_9
0000a84a   __mspabi_srli_8
0000a84e   __mspabi_srli_7
0000a852   __mspabi_srli_6
0000a856   __mspabi_srli_5
0000a85a   __mspabi_srli_4
0000a85e   __mspabi_srli_3
0000a862   __mspabi_srli_2
0000a866   __mspabi_srli_1
0000a86c   lcd_WD2
0000a8fc   __mspabi_sral_15
0000a900   __mspabi_sral_14
0000a904   __mspabi_sral_13
0000a908   __mspabi_sral_12
0000a90c   __mspabi_sral_11
0000a910   __mspabi_sral_10
0000a914   __mspabi_sral_9
0000a918   __mspabi_sral_8
0000a91c   __mspabi_sral_7
0000a920   __mspabi_sral_6
0000a924   __mspabi_sral_5
0000a928   __mspabi_sral_4
0000a92c   __mspabi_sral_3
0000a930   __mspabi_sral_2
0000a934   __mspabi_sral_1
0000a93a   __mspabi_slll_15
0000a93e   __mspabi_slll_14
0000a942   __mspabi_slll_13
0000a946   __mspabi_slll_12
0000a94a   __mspabi_slll_11
0000a94e   __mspabi_slll_10
0000a952   __mspabi_slll_9
0000a956   __mspabi_slll_8
0000a95a   __mspabi_slll_7
0000a95e   __mspabi_slll_6
0000a962   __mspabi_slll_5
0000a966   __mspabi_slll_4
0000a96a   __mspabi_slll_3
0000a96e   __mspabi_slll_2
0000a972   __mspabi_slll_1
0000a9b0   minit
0000a9e8   rand
0000aa20   victory
0000aa58   __mspabi_subd
0000aac2   lcd_set_x_y
0000aaf6   new_ball
0000ab2a   lcd_cursor
0000ab5a   lcd_set
0000ab88   lcd_volume
0000abb4   __mspabi_srai
0000abc0   __mspabi_srai_15
0000abc2   __mspabi_srai_14
0000abc4   __mspabi_srai_13
0000abc6   __mspabi_srai_12
0000abc8   __mspabi_srai_11
0000abca   __mspabi_srai_10
0000abcc   __mspabi_srai_9
0000abce   __mspabi_srai_8
0000abd0   __mspabi_srai_7
0000abd2   __mspabi_srai_6
0000abd4   __mspabi_srai_5
0000abd6   __mspabi_srai_4
0000abd8   __mspabi_srai_3
0000abda   __mspabi_srai_2
0000abdc   __mspabi_srai_1
0000abe0   __mspabi_slli
0000abec   __mspabi_slli_15
0000abee   __mspabi_slli_14
0000abf0   __mspabi_slli_13
0000abf2   __mspabi_slli_12
0000abf4   __mspabi_slli_11
0000abf6   __mspabi_slli_10
0000abf8   __mspabi_slli_9
0000abfa   __mspabi_slli_8
0000abfc   __mspabi_slli_7
0000abfe   __mspabi_slli_6
0000ac00   __mspabi_slli_5
0000ac02   __mspabi_slli_4
0000ac04   __mspabi_slli_3
0000ac06   __mspabi_slli_2
0000ac08   __mspabi_slli_1
0000ac0c   __mspabi_fixdi
0000ac34   __mspabi_mpyl
0000ac5a   lcd_fillImage
0000ac7e   lcd_printf
0000aca2   ISR_trap
0000ad20   lcd_mode
0000ad3e   _c_int00
0000ad3e   _c_int00_noexit
0000ad58   TIMERA1_ISR
0000ad6e   __TI_zero_init
0000ad82   failure
0000ad96   lcd_backlight
0000adaa   __mspabi_mpyi
0000adbe   __TI_decompress_none
0000add0   __mspabi_srll
0000ade2   memcpy
0000adf4   strlen
0000ae06   __mspabi_sral
0000ae16   __mspabi_slll
0000ae26   __mspabi_func_epilog_7
0000ae28   __mspabi_func_epilog_6
0000ae2a   __mspabi_func_epilog_5
0000ae2c   __mspabi_func_epilog_4
0000ae2e   __mspabi_func_epilog_3
0000ae30   __mspabi_func_epilog_2
0000ae32   __mspabi_func_epilog_1
0000ae36   Port_1_ISR
0000ae44   __mspabi_fltid
0000ae50   abs
0000ae5a   lcd_clear
0000ae64   ADC10_ISR
0000ae6c   __mspabi_fltud
0000ae72   __TI_decompress_rle24
0000ae78   ADC_init
0000ae7c   _system_pre_init
0000ae80   C$$EXIT
0000ae80   abort
0000ae84   _nop
0000ae86   pong_image
0000b898   cs
0000ba78   dv3
0000bbb6   px_off
0000bbbc   px_on
0000bbd6   __TI_Handler_Table_Base
0000bbdc   __TI_Handler_Table_Limit
0000bbe0   __TI_CINIT_Base
0000bbe8   __TI_CINIT_Limit
0000fffe   _reset_vector
ffffffff   __binit__
ffffffff   __c_args__
ffffffff   binit

[310 symbols]
